---
source: crates/anytype_rs/tests/snapshot_tests/objects.rs
assertion_line: 66
expression: request
---
{
  "name": "Updated Name",
  "body": "# Updated Content\n\nNew content here",
  "properties": [
    {
      "description": "Updated description",
      "tags": [
        "updated"
      ]
    }
  ]
}
